Microchip MPLAB XC8 Compiler V2.36

Linker command line:

-W-3 --edf=C:\Program Files\Microchip\xc8\v2.36\pic\dat\en_msgs.txt -cn \
  -h+dist/default/production\VUmeter2.2.X.production.sym \
  --cmf=dist/default/production\VUmeter2.2.X.production.cmf -z -Q16F1459 \
  -oC:\Users\User\AppData\Local\Temp\xcAs90o.4 --defsym=__MPLAB_BUILD=1 \
  -Mdist/default/production/VUmeter2.2.X.production.map \
  --md=C:\Users\User\AppData\Local\Temp\xcAs90o.dat -E1 -ver=XC8 Compiler \
  --acfsm=1493 -ACODE=00h-07FFhx4 -ASTRCODE=00h-01FFFh -ASTRING=00h-0FFhx32 \
  -ACONST=00h-0FFhx32 -AENTRY=00h-0FFhx32 -ACOMMON=070h-07Fh \
  -ABANK0=020h-06Fh -ABANK1=0A0h-0EFh -ABANK2=0120h-016Fh \
  -ABANK3=01A0h-01EFh -ABANK4=0220h-026Fh -ABANK5=02A0h-02EFh \
  -ABANK6=0320h-036Fh -ABANK7=03A0h-03EFh -ABANK8=0420h-046Fh \
  -ABANK9=04A0h-04EFh -ABANK10=0520h-056Fh -ABANK11=05A0h-05EFh \
  -ABANK12=0620h-064Fh -ABIGRAM=02000h-023EFh \
  -ARAM=020h-06Fh,0A0h-0EFh,0120h-016Fh,01A0h-01EFh,0220h-026Fh,02A0h-02EFh,0320h-036Fh,03A0h-03EFh,0420h-046Fh,04A0h-04EFh,0520h-056Fh,05A0h-05EFh,0620h-064Fh \
  -AABS1=020h-07Fh,0A0h-0EFh,0120h-016Fh,01A0h-01EFh,0220h-026Fh,02A0h-02EFh,0320h-036Fh,03A0h-03EFh,0420h-046Fh,04A0h-04EFh,0520h-056Fh,05A0h-05EFh,0620h-064Fh \
  -ASFR0=00h-01Fh -ASFR1=080h-09Fh -ASFR2=0100h-011Fh -ASFR3=0180h-019Fh \
  -ASFR4=0200h-021Fh -ASFR5=0280h-029Fh -ASFR6=0300h-031Fh \
  -ASFR7=0380h-039Fh -ASFR8=0400h-041Fh -ASFR9=0480h-049Fh \
  -ASFR10=0500h-051Fh -ASFR11=0580h-059Fh -ASFR12=0600h-061Fh \
  -ASFR13=0680h-06EFh -ASFR14=0700h-076Fh -ASFR15=0780h-07EFh \
  -ASFR16=0800h-086Fh -ASFR17=0880h-08EFh -ASFR18=0900h-096Fh \
  -ASFR19=0980h-09EFh -ASFR20=0A00h-0A6Fh -ASFR21=0A80h-0AEFh \
  -ASFR22=0B00h-0B6Fh -ASFR23=0B80h-0BEFh -ASFR24=0C00h-0C6Fh \
  -ASFR25=0C80h-0CEFh -ASFR26=0D00h-0D6Fh -ASFR27=0D80h-0DEFh \
  -ASFR28=0E00h-0E6Fh -ASFR29=0E80h-0EEFh -ASFR30=0F00h-0F6Fh \
  -ASFR31=0F80h-0FEFh -ACONFIG=08007h-08008h -DCONFIG=2 \
  -AIDLOC=08000h-08003h -DIDLOC=2 -DCODE=2 -DSTRCODE=2 -DSTRING=2 -DCONST=2 \
  -DENTRY=2 -preset_vec=00h,intentry,init,end_init -ppowerup=CODE \
  -pcinit=CODE -pfunctab=ENTRY -k \
  C:\Users\User\AppData\Local\Temp\xcAs90o.o \
  dist/default/production\VUmeter2.2.X.production.o 

Object code version is 3.11

Machine type is 16F1459



                Name                               Link     Load   Length Selector   Space Scale
C:\Users\User\AppData\Local\Temp\xcAs90o.o
                end_init                              2        2        2        0       0
                reset_vec                             0        0        2        0       0
                config                             8007     8007        2        0       4
                idloc                              8000     8000        4        0       5
dist/default/production\VUmeter2.2.X.production.o
                cinit                               7E9      7E9       17      FD2       0
                config                             8007     8007        2        0       4
                idloc                              8000     8000        4        0       5
                text12                              FE1      FE1       1F     1FC2       0
                text11                                6        6       19        C       0
                text10                              F90      F90        4     1F20       0
                text9                               FA5      FA5        B     1F4A       0
                text8                               F94      F94        8     1F28       0
                text7                               F9C      F9C        9     1F38       0
                text6                               FB0      FB0        C     1F60       0
                text5                                4B       4B       3E       96       0
                text4                                1F       1F       2C       3E       0
                text3                               FD4      FD4        D     1FA8       0
                text2                               4B4      4B4      335      968       0
                text1                               FBC      FBC        C     1F78       0
                maintext                            281      281      233      502       0
                cstackBANK0                          20       20       1B       20       1
                cstackCOMMON                         70       70        6       70       1
                inittext                            FC8      FC8        C     1F90       0
                bssBANK0                             3B       3B        4       20       1
                bssCOMMON                            76       76        2       70       1
                stringtext4                        1002     1002        1     2000       0
                stringtext3                        1000     1000        2     2000       0
                stringtext2                         96A      96A      16A     1000       0
                stringtext1                         800      800      16A     1000       0
                idataBIGRAM                          89       89      1F8      112       0

TOTAL           Name                               Link     Load   Length     Space
        CLASS   CODE           
                end_init                              2        2        2         0
                cinit                               7E9      7E9       17         0
                reset_vec                             0        0        2         0
                text12                              FE1      FE1       1F         0
                text11                                6        6       19         0
                text10                              F90      F90        4         0
                text9                               FA5      FA5        B         0
                text8                               F94      F94        8         0
                text7                               F9C      F9C        9         0
                text6                               FB0      FB0        C         0
                text5                                4B       4B       3E         0
                text4                                1F       1F       2C         0
                text3                               FD4      FD4        D         0
                text2                               4B4      4B4      335         0
                text1                               FBC      FBC        C         0
                maintext                            281      281      233         0
                inittext                            FC8      FC8        C         0
                idataBIGRAM                          89       89      1F8         0

        CLASS   STRCODE        
                stringtext4                        1002     1002        1         0
                stringtext3                        1000     1000        2         0
                stringtext2                         96A      96A      16A         0
                stringtext1                         800      800      16A         0

        CLASS   STRING         

        CLASS   CONST          

        CLASS   ENTRY          

        CLASS   COMMON         
                cstackCOMMON                         70       70        6         1
                bssCOMMON                            76       76        2         1

        CLASS   BANK0          
                cstackBANK0                          20       20       1B         1
                bssBANK0                             3B       3B        4         1

        CLASS   BANK1          

        CLASS   BANK2          

        CLASS   BANK3          

        CLASS   BANK4          

        CLASS   BANK5          

        CLASS   BANK6          

        CLASS   BANK7          

        CLASS   BANK8          

        CLASS   BANK9          

        CLASS   BANK10         

        CLASS   BANK11         

        CLASS   BANK12         

        CLASS   BIGRAM         

        CLASS   RAM            

        CLASS   ABS1           
                abs_s1                               7E       7E        2         1
                abs_s1                              338      338       38         1
                abs_s1                              3A0      3A0       50         1
                abs_s1                              420      420       50         1
                abs_s1                              4A0      4A0       50         1
                abs_s1                              520      520       50         1
                abs_s1                              5A0      5A0       50         1
                abs_s1                              620      620       30         1
                abs_s1                             21F8     21F8        0         1

        CLASS   SFR0           

        CLASS   SFR1           

        CLASS   SFR2           

        CLASS   SFR3           

        CLASS   SFR4           

        CLASS   SFR5           

        CLASS   SFR6           

        CLASS   SFR7           

        CLASS   SFR8           

        CLASS   SFR9           

        CLASS   SFR10          

        CLASS   SFR11          

        CLASS   SFR12          

        CLASS   SFR13          

        CLASS   SFR14          

        CLASS   SFR15          

        CLASS   SFR16          

        CLASS   SFR17          

        CLASS   SFR18          

        CLASS   SFR19          

        CLASS   SFR20          

        CLASS   SFR21          

        CLASS   SFR22          

        CLASS   SFR23          

        CLASS   SFR24          

        CLASS   SFR25          

        CLASS   SFR26          

        CLASS   SFR27          

        CLASS   SFR28          

        CLASS   SFR29          

        CLASS   SFR30          

        CLASS   SFR31          

        CLASS   CONFIG         
                config                             8007     8007        2         4

        CLASS   IDLOC          
                idloc                              8000     8000        4         5

        CLASS   BANK31         

        CLASS   BANK30         

        CLASS   BANK29         

        CLASS   BANK28         

        CLASS   BANK27         

        CLASS   BANK26         

        CLASS   BANK25         

        CLASS   BANK24         

        CLASS   BANK23         

        CLASS   BANK22         

        CLASS   BANK21         

        CLASS   BANK20         

        CLASS   BANK19         

        CLASS   BANK18         

        CLASS   BANK17         

        CLASS   BANK16         

        CLASS   BANK15         

        CLASS   BANK14         

        CLASS   BANK13         

        CLASS   HEAP           

        CLASS   STACK          

        CLASS   EEDATA         



SEGMENTS        Name                           Load    Length   Top    Selector   Space  Class     Delta

                reset_vec                      000000  000004  000004         0       0  CODE        2
                text11                         000006  000019  00001F         C       0  CODE        2
                cstackBANK0                    000020  00001F  00003F        20       1  BANK0       1
                text4                          00001F  00002C  00004B        3E       0  CODE        2
                cstackCOMMON                   000070  000008  000078        70       1  COMMON      1
                text5                          00004B  00003E  000089        96       0  CODE        2
                idataBIGRAM                    000089  0001F8  000281       112       0  CODE        2
                maintext                       000281  000233  0004B4       502       0  CODE        2
                text2                          0004B4  000335  0007E9       968       0  CODE        2
                cinit                          0007E9  000017  000800       FD2       0  CODE        2
                stringtext1                    000800  0002D4  000AD4      1000       0  STRCODE     2
                text10                         000F90  000004  000F94      1F20       0  CODE        2
                text8                          000F94  000008  000F9C      1F28       0  CODE        2
                text7                          000F9C  000009  000FA5      1F38       0  CODE        2
                text9                          000FA5  00000B  000FB0      1F4A       0  CODE        2
                text6                          000FB0  00000C  000FBC      1F60       0  CODE        2
                text1                          000FBC  00000C  000FC8      1F78       0  CODE        2
                inittext                       000FC8  00000C  000FD4      1F90       0  CODE        2
                text3                          000FD4  00000D  000FE1      1FA8       0  CODE        2
                text12                         000FE1  00001F  001000      1FC2       0  CODE        2
                stringtext3                    001000  000003  001003      2000       0  STRCODE     2


UNUSED ADDRESS RANGES

        Name                Unused          Largest block    Delta
        BANK0            0003F-0006F              31           1
        BANK1            000A0-000EF              50           1
        BANK2            00120-0016F              50           1
        BANK3            001A0-001EF              50           1
        BANK4            00220-0026F              50           1
        BANK5            002A0-002EF              50           1
        BANK6            00320-00337              18           1
        BIGRAM           02000-023EF             3F0           1
        CODE             00004-00005               2           2
                         00AD4-00F8F             4BC
                         01003-01FFF             7FD
        COMMON           00078-0007D               6           1
        CONST            00004-00005               2           2
                         00AD4-00F8F             100
                         01003-01FFF             100
        ENTRY            00004-00005               2           2
                         00AD4-00F8F             100
                         01003-01FFF             100
        RAM              0003F-0006F              31           1
                         000A0-000EF              50
                         00120-0016F              50
                         001A0-001EF              50
                         00220-0026F              50
                         002A0-002EF              50
                         00320-00337              18
        SFR0             00000-0001F              20           1
        SFR1             00080-0009F              20           1
        SFR10            00500-0051F              20           1
        SFR11            00580-0059F              20           1
        SFR12            00600-0061F              20           1
        SFR13            00680-006EF              70           1
        SFR14            00700-0076F              70           1
        SFR15            00780-007EF              70           1
        SFR16            00800-0086F              70           1
        SFR17            00880-008EF              70           1
        SFR18            00900-0096F              70           1
        SFR19            00980-009EF              70           1
        SFR2             00100-0011F              20           1
        SFR20            00A00-00A6F              70           1
        SFR21            00A80-00AEF              70           1
        SFR22            00B00-00B6F              70           1
        SFR23            00B80-00BEF              70           1
        SFR24            00C00-00C6F              70           1
        SFR25            00C80-00CEF              70           1
        SFR26            00D00-00D6F              70           1
        SFR27            00D80-00DEF              70           1
        SFR28            00E00-00E6F              70           1
        SFR29            00E80-00EEF              70           1
        SFR3             00180-0019F              20           1
        SFR30            00F00-00F6F              70           1
        SFR31            00F80-00FEF              70           1
        SFR4             00200-0021F              20           1
        SFR5             00280-0029F              20           1
        SFR6             00300-0031F              20           1
        SFR7             00380-0039F              20           1
        SFR8             00400-0041F              20           1
        SFR9             00480-0049F              20           1
        STRCODE          00004-00005               2           2
                         00AD4-00F8F             4BC
                         01003-01FFF             FFD
        STRING           00004-00005               2           2
                         00AD4-00F8F             100
                         01003-01FFF             100

                                  Symbol Table

?___wmul                 cstackCOMMON 00070
_ADCON0bits              (abs)        0009D
_ADCON1bits              (abs)        0009E
_ADRESH                  (abs)        0009C
_ADRESL                  (abs)        0009B
_ANSELBbits              (abs)        0018D
_ANSELCbits              (abs)        0018E
_BAUDCONbits             (abs)        0019F
_CM1CON0                 (abs)        00111
_CM1CON1                 (abs)        00112
_CM2CON0                 (abs)        00113
_CM2CON1                 (abs)        00114
_FVRCONbits              (abs)        00117
_LATAbits                (abs)        0010C
_LATBbits                (abs)        0010D
_LATCbits                (abs)        0010E
_OSCCONbits              (abs)        00099
_PIR1bits                (abs)        00011
_PORTAbits               (abs)        0000C
_PORTBbits               (abs)        0000D
_PORTCbits               (abs)        0000E
_RC4                     (abs)        00074
_RCSTAbits               (abs)        0019D
_SPBRG                   (abs)        0019B
_SSP1BUFbits             (abs)        00211
_SSP1STATbits            (abs)        00214
_SSPCON1bits             (abs)        00215
_SSPSTATbits             (abs)        00214
_TRISAbits               (abs)        0008C
_TRISBbits               (abs)        0008D
_TRISCbits               (abs)        0008E
_TXREG                   (abs)        0019A
_TXSTAbits               (abs)        0019E
__Habs1                  abs1         00000
__Hbank0                 bank0        00000
__Hbank1                 bank1        00000
__Hbank10                bank10       00000
__Hbank11                bank11       00000
__Hbank12                bank12       00000
__Hbank13                bank13       00000
__Hbank14                bank14       00000
__Hbank15                bank15       00000
__Hbank16                bank16       00000
__Hbank17                bank17       00000
__Hbank18                bank18       00000
__Hbank19                bank19       00000
__Hbank2                 bank2        00000
__Hbank20                bank20       00000
__Hbank21                bank21       00000
__Hbank22                bank22       00000
__Hbank23                bank23       00000
__Hbank24                bank24       00000
__Hbank25                bank25       00000
__Hbank26                bank26       00000
__Hbank27                bank27       00000
__Hbank28                bank28       00000
__Hbank29                bank29       00000
__Hbank3                 bank3        00000
__Hbank30                bank30       00000
__Hbank31                bank31       00000
__Hbank4                 bank4        00000
__Hbank5                 bank5        00000
__Hbank6                 bank6        00000
__Hbank7                 bank7        00000
__Hbank8                 bank8        00000
__Hbank9                 bank9        00000
__Hbigram                bigram       00000
__HbssBANK0              bssBANK0     00000
__HbssCOMMON             bssCOMMON    00000
__Hcinit                 cinit        00800
__Hclrtext               clrtext      00000
__Hcode                  code         00000
__Hcommon                common       00000
__Hconfig                config       08009
__HcstackBANK0           cstackBANK0  00000
__HcstackCOMMON          cstackCOMMON 00000
__Heeprom_data           eeprom_data  00000
__Hend_init              end_init     00004
__Hfunctab               functab      00000
__Hheap                  heap         00000
__HidataBIGRAM           idataBIGRAM  00000
__Hidloc                 idloc        08004
__Hinit                  init         00002
__Hinittext              inittext     00000
__Hintentry              intentry     00002
__Hmaintext              maintext     00000
__Hpowerup               powerup      00000
__Hram                   ram          00000
__Hreset_vec             reset_vec    00002
__Hsfr0                  sfr0         00000
__Hsfr1                  sfr1         00000
__Hsfr10                 sfr10        00000
__Hsfr11                 sfr11        00000
__Hsfr12                 sfr12        00000
__Hsfr13                 sfr13        00000
__Hsfr14                 sfr14        00000
__Hsfr15                 sfr15        00000
__Hsfr16                 sfr16        00000
__Hsfr17                 sfr17        00000
__Hsfr18                 sfr18        00000
__Hsfr19                 sfr19        00000
__Hsfr2                  sfr2         00000
__Hsfr20                 sfr20        00000
__Hsfr21                 sfr21        00000
__Hsfr22                 sfr22        00000
__Hsfr23                 sfr23        00000
__Hsfr24                 sfr24        00000
__Hsfr25                 sfr25        00000
__Hsfr26                 sfr26        00000
__Hsfr27                 sfr27        00000
__Hsfr28                 sfr28        00000
__Hsfr29                 sfr29        00000
__Hsfr3                  sfr3         00000
__Hsfr30                 sfr30        00000
__Hsfr31                 sfr31        00000
__Hsfr4                  sfr4         00000
__Hsfr5                  sfr5         00000
__Hsfr6                  sfr6         00000
__Hsfr7                  sfr7         00000
__Hsfr8                  sfr8         00000
__Hsfr9                  sfr9         00000
__Hspace_0               (abs)        01003
__Hspace_1               (abs)        00078
__Hspace_2               (abs)        00000
__Hspace_3               (abs)        00000
__Hspace_4               (abs)        10010
__Hstack                 stack        00000
__Hstrings               strings      00000
__Hstringtext1           stringtext1  00000
__Hstringtext2           stringtext2  00000
__Hstringtext3           stringtext3  00000
__Hstringtext4           stringtext4  00000
__Htext                  text         00000
__Labs1                  abs1         00000
__Lbank0                 bank0        00000
__Lbank1                 bank1        00000
__Lbank10                bank10       00000
__Lbank11                bank11       00000
__Lbank12                bank12       00000
__Lbank13                bank13       00000
__Lbank14                bank14       00000
__Lbank15                bank15       00000
__Lbank16                bank16       00000
__Lbank17                bank17       00000
__Lbank18                bank18       00000
__Lbank19                bank19       00000
__Lbank2                 bank2        00000
__Lbank20                bank20       00000
__Lbank21                bank21       00000
__Lbank22                bank22       00000
__Lbank23                bank23       00000
__Lbank24                bank24       00000
__Lbank25                bank25       00000
__Lbank26                bank26       00000
__Lbank27                bank27       00000
__Lbank28                bank28       00000
__Lbank29                bank29       00000
__Lbank3                 bank3        00000
__Lbank30                bank30       00000
__Lbank31                bank31       00000
__Lbank4                 bank4        00000
__Lbank5                 bank5        00000
__Lbank6                 bank6        00000
__Lbank7                 bank7        00000
__Lbank8                 bank8        00000
__Lbank9                 bank9        00000
__Lbigram                bigram       00000
__LbssBANK0              bssBANK0     00000
__LbssCOMMON             bssCOMMON    00000
__Lcinit                 cinit        007E9
__Lclrtext               clrtext      00000
__Lcode                  code         00000
__Lcommon                common       00000
__Lconfig                config       00000
__LcstackBANK0           cstackBANK0  00000
__LcstackCOMMON          cstackCOMMON 00000
__Leeprom_data           eeprom_data  00000
__Lend_init              end_init     00002
__Lfunctab               functab      00000
__Lheap                  heap         00000
__LidataBIGRAM           idataBIGRAM  00000
__Lidloc                 idloc        00000
__Linit                  init         00002
__Linittext              inittext     00000
__Lintentry              intentry     00002
__Lmaintext              maintext     00000
__Lpowerup               powerup      00000
__Lram                   ram          00000
__Lreset_vec             reset_vec    00000
__Lsfr0                  sfr0         00000
__Lsfr1                  sfr1         00000
__Lsfr10                 sfr10        00000
__Lsfr11                 sfr11        00000
__Lsfr12                 sfr12        00000
__Lsfr13                 sfr13        00000
__Lsfr14                 sfr14        00000
__Lsfr15                 sfr15        00000
__Lsfr16                 sfr16        00000
__Lsfr17                 sfr17        00000
__Lsfr18                 sfr18        00000
__Lsfr19                 sfr19        00000
__Lsfr2                  sfr2         00000
__Lsfr20                 sfr20        00000
__Lsfr21                 sfr21        00000
__Lsfr22                 sfr22        00000
__Lsfr23                 sfr23        00000
__Lsfr24                 sfr24        00000
__Lsfr25                 sfr25        00000
__Lsfr26                 sfr26        00000
__Lsfr27                 sfr27        00000
__Lsfr28                 sfr28        00000
__Lsfr29                 sfr29        00000
__Lsfr3                  sfr3         00000
__Lsfr30                 sfr30        00000
__Lsfr31                 sfr31        00000
__Lsfr4                  sfr4         00000
__Lsfr5                  sfr5         00000
__Lsfr6                  sfr6         00000
__Lsfr7                  sfr7         00000
__Lsfr8                  sfr8         00000
__Lsfr9                  sfr9         00000
__Lspace_0               (abs)        00000
__Lspace_1               (abs)        00000
__Lspace_2               (abs)        00000
__Lspace_3               (abs)        00000
__Lspace_4               (abs)        00000
__Lstack                 stack        00000
__Lstrings               strings      00000
__Lstringtext1           stringtext1  00000
__Lstringtext2           stringtext2  00000
__Lstringtext3           stringtext3  00000
__Lstringtext4           stringtext4  00000
__Ltext                  text         00000
__S0                     (abs)        01003
__S1                     (abs)        00078
___heap_hi               (abs)        00000
___heap_lo               (abs)        00000
___int_sp                stack        00000
___latbits               (abs)        00002
___sp                    stack        00000
___stackhi               (abs)        00000
___stacklo               (abs)        00000
___wmul                  text12       00FE1
___wmul@multiplicand     cstackCOMMON 00072
___wmul@multiplier       cstackCOMMON 00070
___wmul@product          cstackCOMMON 00074
__end_of_SCALER          stringtext3  01002
__end_of___wmul          text12       01000
__end_of__initialization cinit        007FD
__end_of_configADC       text11       0001F
__end_of_configBaud      text10       00F94
__end_of_configEUSART    text9        00FB0
__end_of_configOsc       text8        00F9C
__end_of_configPCD8544   text5        00089
__end_of_configPins      text4        0004B
__end_of_configSPI       text3        00FE1
__end_of_cosineLookUp    stringtext1  0096A
__end_of_main            maintext     004B4
__end_of_select0To47     text2        007E9
__end_of_sendSPIbyte     text7        00FA5
__end_of_sineLookUp      stringtext2  00AD4
__end_of_writeCommand    text6        00FBC
__end_of_writeData       text1        00FC8
__end_ofmain@Kp          stringtext4  01003
__initialization         cinit        007E9
__pbssBANK0              bssBANK0     0003B
__pbssCOMMON             bssCOMMON    00076
__pcstackBANK0           cstackBANK0  00020
__pcstackCOMMON          cstackCOMMON 00070
__pdataBIGRAM            (abs)        021F8
__pidataBIGRAM           idataBIGRAM  00089
__pmaintext              maintext     00281
__pstringtext1           stringtext1  00800
__pstringtext2           stringtext2  0096A
__pstringtext3           stringtext3  01000
__pstringtext4           stringtext4  01002
__ptext1                 text1        00FBC
__ptext10                text10       00F90
__ptext11                text11       00006
__ptext12                text12       00FE1
__ptext2                 text2        004B4
__ptext3                 text3        00FD4
__ptext4                 text4        0001F
__ptext5                 text5        0004B
__ptext6                 text6        00FB0
__ptext7                 text7        00F9C
__ptext8                 text8        00F94
__ptext9                 text9        00FA5
_adcVal                  bssBANK0     0003B
_backGrnd                (abs)        021F8
_bgCol                   bssBANK0     0003D
_bgRow                   bssBANK0     0003E
_configADC               text11       00006
_configBaud              text10       00F90
_configEUSART            text9        00FA5
_configOsc               text8        00F94
_configPCD8544           text5        0004B
_configPins              text4        0001F
_configSPI               text3        00FD4
_cosineLookUp            stringtext1  00800
_main                    maintext     00281
_select0To47             text2        004B4
_sendSPIbyte             text7        00F9C
_sineLookUp              stringtext2  0096A
_writeCommand            text6        00FB0
_writeData               text1        00FBC
btemp                    (abs)        0007E
configPCD8544@y          cstackCOMMON 00073
end_of_initialization    cinit        007FD
init_ram                 inittext     00FC8
intlevel0                functab      00000
intlevel1                functab      00000
intlevel2                functab      00000
intlevel3                functab      00000
intlevel4                functab      00000
intlevel5                functab      00000
main@adjacent            cstackBANK0  00031
main@opposite            cstackBANK0  0002F
main@radius              cstackBANK0  00037
main@xcoord              cstackBANK0  00035
main@ycoord              cstackBANK0  00033
main@ypixel              cstackBANK0  00039
reset_vec                reset_vec    00000
select0To47@ptr          cstackCOMMON 00072
select0To47@row          cstackCOMMON 00070
sendSPIbyte@byte         cstackCOMMON 00070
start                    init         00002
start_initialization     cinit        007E9
writeCommand@byte        cstackCOMMON 00071
writeData@byte           cstackCOMMON 00071
wtemp0                   (abs)        0007E


MODULE INFORMATION

Module		Function		Class		Link	Load	Size
configSPI.c
		_configSPI     		CODE           	0FD4	0000	13

configSPI.c estimated size: 13

configPins.c
		_configPins    		CODE           	001F	0000	44

configPins.c estimated size: 44

configBaud.c
		_configBaud    		CODE           	0F90	0000	4

configBaud.c estimated size: 4

configOsc.c
		_configOsc     		CODE           	0F94	0000	8

configOsc.c estimated size: 8

configPCD8544.c
		_configPCD8544 		CODE           	004B	0000	62

configPCD8544.c estimated size: 62

writeData.c
		_writeData     		CODE           	0FBC	0000	12

writeData.c estimated size: 12

select0To47.c
		_select0To47   		CODE           	04B4	0000	821

select0To47.c estimated size: 821

writeCommand.c
		_writeCommand  		CODE           	0FB0	0000	12

writeCommand.c estimated size: 12

sendSPIbyte.c
		_sendSPIbyte   		CODE           	0F9C	0000	9

sendSPIbyte.c estimated size: 9

shared
		main@Kp        		STRCODE        	0000	0000	0
		__initialization		CODE           	07E9	0000	20
		_cosineLookUp  		STRCODE        	0800	0000	362
		_sineLookUp    		STRCODE        	096A	0000	362
		_SCALER        		STRCODE        	0000	0000	0

shared estimated size: 744

configADC.c
		_configADC     		CODE           	0006	0000	25

configADC.c estimated size: 25

main.c
		_main          		CODE           	0281	0000	563

main.c estimated size: 563

configEUSART.c
		_configEUSART  		CODE           	0FA5	0000	11

configEUSART.c estimated size: 11

C:\Program Files\Microchip\xc8\v2.36\pic\sources\c99\common\Umul16.c
		___wmul        		CODE           	0FE1	0000	31

C:\Program Files\Microchip\xc8\v2.36\pic\sources\c99\common\Umul16.c estimated size: 31

